22:11:45 **** Incremental Build of configuration Debug for project factory_io_demo-master ****
Info: Internal Builder is used for build
arm-atollic-eabi-gcc -c ..\app\src\main.c -mthumb -mcpu=cortex-m0 -std=gnu11 -DSTM32F072xB -ID:\cours\mea4\freeRTOS_paletizer_control\paletizer_controler\factory_io_demo-master\bsp\inc -ID:\cours\mea4\freeRTOS_paletizer_control\paletizer_controler\factory_io_demo-master\TraceRecorder\streamports\Jlink_RTT\include -ID:\cours\mea4\freeRTOS_paletizer_control\paletizer_controler\factory_io_demo-master\TraceRecorder\config -ID:\cours\mea4\freeRTOS_paletizer_control\paletizer_controler\factory_io_demo-master\TraceRecorder\include -ID:\cours\mea4\freeRTOS_paletizer_control\paletizer_controler\factory_io_demo-master\cmsis\core -ID:\cours\mea4\freeRTOS_paletizer_control\paletizer_controler\factory_io_demo-master\cmsis\device\inc -ID:\cours\mea4\freeRTOS_paletizer_control\paletizer_controler\factory_io_demo-master\app\inc -ID:\cours\mea4\freeRTOS_paletizer_control\paletizer_controler\factory_io_demo-master\FreeRTOS\portable\GCC\ARM_CM0 -ID:\cours\mea4\freeRTOS_paletizer_control\paletizer_controler\factory_io_demo-master\TraceRecorder\include -ID:\cours\mea4\freeRTOS_paletizer_control\paletizer_controler\factory_io_demo-master\FreeRTOS\include -ID:\cours\mea4\freeRTOS_paletizer_control\paletizer_controler\factory_io_demo-master\bsp\inc -ID:\cours\mea4\freeRTOS_paletizer_control\paletizer_controler\factory_io_demo-master\cmsis\core -ID:\cours\mea4\freeRTOS_paletizer_control\paletizer_controler\factory_io_demo-master\cmsis\device\inc -O0 -g -fstack-usage -Wall -specs=nano.specs -o app\src\main.o 
..\app\src\main.c: In function 'vTaskPub':
..\app\src\main.c:510:10: warning: unused variable 'rx_byte' [-Wunused-variable]
  uint8_t rx_byte;
          ^~~~~~~
At top level:
..\app\src\main.c:721:13: warning: 'SystemClock_Config' defined but not used [-Wunused-function]
 static void SystemClock_Config()
             ^~~~~~~~~~~~~~~~~~
arm-atollic-eabi-gcc -o factory_io_demo-master.elf FreeRTOS\croutine.o FreeRTOS\event_groups.o FreeRTOS\list.o FreeRTOS\portable\GCC\ARM_CM0\port.o FreeRTOS\portable\MemMang\heap_1.o FreeRTOS\queue.o FreeRTOS\stream_buffer.o FreeRTOS\tasks.o FreeRTOS\timers.o TraceRecorder\streamports\Jlink_RTT\SEGGER_RTT.o TraceRecorder\streamports\Jlink_RTT\trcStreamingPort.o TraceRecorder\trcKernelPort.o TraceRecorder\trcSnapshotRecorder.o TraceRecorder\trcStreamingRecorder.o app\src\main.o app\src\printf-stdarg.o app\src\stm32f0xx_it.o bsp\src\bsp.o bsp\src\delay.o bsp\src\factory_io.o cmsis\device\src\startup_stm32f072xb.o cmsis\device\src\system_stm32f0xx.o -mthumb -mcpu=cortex-m0 -TD:\cours\mea4\freeRTOS_paletizer_control\paletizer_controler\factory_io_demo-master\Debug_STM32F072RB_FLASH.ld -specs=nosys.specs -static -Wl,-cref,-u,Reset_Handler -Wl,-Map=factory_io_demo-master.map -Wl,--defsym=malloc_getpagesize_P=0x80 -Wl,--start-group -lc -lm -Wl,--end-group -specs=nano.specs 
D:\TrueSTUDIO for STM32 9.3.0\ide\jre\bin\java -jar D:\TrueSTUDIO for STM32 9.3.0\Tools\arm-atollic-reports.jar sizeinfo list factory_io_demo-master.elf 
Generate build reports...
Print size information
   text	   data	    bss	    dec	    hex	filename
  46476	     72	  14808	  61356	   efac	factory_io_demo-master.elf
Print size information done
Generate listing file
Output sent to: factory_io_demo-master.list
Generate listing file done
Generate build reports done
Info: Nothing to build for factory_io_demo-master
22:56:30 **** Incremental Build of configuration Debug for project factory_io_demo-master ****
Info: Internal Builder is used for build
arm-atollic-eabi-gcc -c ..\app\src\main.c -mthumb -mcpu=cortex-m0 -std=gnu11 -DSTM32F072xB -ID:\cours\mea4\freeRTOS_paletizer_control\paletizer_controler\factory_io_demo-master\bsp\inc -ID:\cours\mea4\freeRTOS_paletizer_control\paletizer_controler\factory_io_demo-master\TraceRecorder\streamports\Jlink_RTT\include -ID:\cours\mea4\freeRTOS_paletizer_control\paletizer_controler\factory_io_demo-master\TraceRecorder\config -ID:\cours\mea4\freeRTOS_paletizer_control\paletizer_controler\factory_io_demo-master\TraceRecorder\include -ID:\cours\mea4\freeRTOS_paletizer_control\paletizer_controler\factory_io_demo-master\cmsis\core -ID:\cours\mea4\freeRTOS_paletizer_control\paletizer_controler\factory_io_demo-master\cmsis\device\inc -ID:\cours\mea4\freeRTOS_paletizer_control\paletizer_controler\factory_io_demo-master\app\inc -ID:\cours\mea4\freeRTOS_paletizer_control\paletizer_controler\factory_io_demo-master\FreeRTOS\portable\GCC\ARM_CM0 -ID:\cours\mea4\freeRTOS_paletizer_control\paletizer_controler\factory_io_demo-master\TraceRecorder\include -ID:\cours\mea4\freeRTOS_paletizer_control\paletizer_controler\factory_io_demo-master\FreeRTOS\include -ID:\cours\mea4\freeRTOS_paletizer_control\paletizer_controler\factory_io_demo-master\bsp\inc -ID:\cours\mea4\freeRTOS_paletizer_control\paletizer_controler\factory_io_demo-master\cmsis\core -ID:\cours\mea4\freeRTOS_paletizer_control\paletizer_controler\factory_io_demo-master\cmsis\device\inc -O0 -g -fstack-usage -Wall -specs=nano.specs -o app\src\main.o 
..\app\src\main.c: In function 'vTaskPub':
..\app\src\main.c:510:10: warning: unused variable 'rx_byte' [-Wunused-variable]
  uint8_t rx_byte;
          ^~~~~~~
At top level:
..\app\src\main.c:721:13: warning: 'SystemClock_Config' defined but not used [-Wunused-function]
 static void SystemClock_Config()
             ^~~~~~~~~~~~~~~~~~
arm-atollic-eabi-gcc -o factory_io_demo-master.elf FreeRTOS\croutine.o FreeRTOS\event_groups.o FreeRTOS\list.o FreeRTOS\portable\GCC\ARM_CM0\port.o FreeRTOS\portable\MemMang\heap_1.o FreeRTOS\queue.o FreeRTOS\stream_buffer.o FreeRTOS\tasks.o FreeRTOS\timers.o TraceRecorder\streamports\Jlink_RTT\SEGGER_RTT.o TraceRecorder\streamports\Jlink_RTT\trcStreamingPort.o TraceRecorder\trcKernelPort.o TraceRecorder\trcSnapshotRecorder.o TraceRecorder\trcStreamingRecorder.o app\src\main.o app\src\printf-stdarg.o app\src\stm32f0xx_it.o bsp\src\bsp.o bsp\src\delay.o bsp\src\factory_io.o cmsis\device\src\startup_stm32f072xb.o cmsis\device\src\system_stm32f0xx.o -mthumb -mcpu=cortex-m0 -TD:\cours\mea4\freeRTOS_paletizer_control\paletizer_controler\factory_io_demo-master\Debug_STM32F072RB_FLASH.ld -specs=nosys.specs -static -Wl,-cref,-u,Reset_Handler -Wl,-Map=factory_io_demo-master.map -Wl,--defsym=malloc_getpagesize_P=0x80 -Wl,--start-group -lc -lm -Wl,--end-group -specs=nano.specs 
D:\TrueSTUDIO for STM32 9.3.0\ide\jre\bin\java -jar D:\TrueSTUDIO for STM32 9.3.0\Tools\arm-atollic-reports.jar sizeinfo list factory_io_demo-master.elf 
Generate build reports...
Print size information
   text	   data	    bss	    dec	    hex	filename
  46400	     72	  14808	  61280	   ef60	factory_io_demo-master.elf
Print size information done
Generate listing file
Output sent to: factory_io_demo-master.list
Generate listing file done
Generate build reports done
Info: Nothing to build for factory_io_demo-master
Info: Nothing to build for factory_io_demo-master
Info: Nothing to build for factory_io_demo-master
Info: Nothing to build for factory_io_demo-master
23:21:45 **** Incremental Build of configuration Debug for project factory_io_demo-master ****
Info: Internal Builder is used for build
arm-atollic-eabi-gcc -c ..\app\src\main.c -mthumb -mcpu=cortex-m0 -std=gnu11 -DSTM32F072xB -ID:\cours\mea4\freeRTOS_paletizer_control\paletizer_controler\factory_io_demo-master\bsp\inc -ID:\cours\mea4\freeRTOS_paletizer_control\paletizer_controler\factory_io_demo-master\TraceRecorder\streamports\Jlink_RTT\include -ID:\cours\mea4\freeRTOS_paletizer_control\paletizer_controler\factory_io_demo-master\TraceRecorder\config -ID:\cours\mea4\freeRTOS_paletizer_control\paletizer_controler\factory_io_demo-master\TraceRecorder\include -ID:\cours\mea4\freeRTOS_paletizer_control\paletizer_controler\factory_io_demo-master\cmsis\core -ID:\cours\mea4\freeRTOS_paletizer_control\paletizer_controler\factory_io_demo-master\cmsis\device\inc -ID:\cours\mea4\freeRTOS_paletizer_control\paletizer_controler\factory_io_demo-master\app\inc -ID:\cours\mea4\freeRTOS_paletizer_control\paletizer_controler\factory_io_demo-master\FreeRTOS\portable\GCC\ARM_CM0 -ID:\cours\mea4\freeRTOS_paletizer_control\paletizer_controler\factory_io_demo-master\TraceRecorder\include -ID:\cours\mea4\freeRTOS_paletizer_control\paletizer_controler\factory_io_demo-master\FreeRTOS\include -ID:\cours\mea4\freeRTOS_paletizer_control\paletizer_controler\factory_io_demo-master\bsp\inc -ID:\cours\mea4\freeRTOS_paletizer_control\paletizer_controler\factory_io_demo-master\cmsis\core -ID:\cours\mea4\freeRTOS_paletizer_control\paletizer_controler\factory_io_demo-master\cmsis\device\inc -O0 -g -fstack-usage -Wall -specs=nano.specs -o app\src\main.o 
..\app\src\main.c: In function 'vTaskPub':
..\app\src\main.c:510:10: warning: unused variable 'rx_byte' [-Wunused-variable]
  uint8_t rx_byte;
          ^~~~~~~
At top level:
..\app\src\main.c:721:13: warning: 'SystemClock_Config' defined but not used [-Wunused-function]
 static void SystemClock_Config()
             ^~~~~~~~~~~~~~~~~~
arm-atollic-eabi-gcc -o factory_io_demo-master.elf FreeRTOS\croutine.o FreeRTOS\event_groups.o FreeRTOS\list.o FreeRTOS\portable\GCC\ARM_CM0\port.o FreeRTOS\portable\MemMang\heap_1.o FreeRTOS\queue.o FreeRTOS\stream_buffer.o FreeRTOS\tasks.o FreeRTOS\timers.o TraceRecorder\streamports\Jlink_RTT\SEGGER_RTT.o TraceRecorder\streamports\Jlink_RTT\trcStreamingPort.o TraceRecorder\trcKernelPort.o TraceRecorder\trcSnapshotRecorder.o TraceRecorder\trcStreamingRecorder.o app\src\main.o app\src\printf-stdarg.o app\src\stm32f0xx_it.o bsp\src\bsp.o bsp\src\delay.o bsp\src\factory_io.o cmsis\device\src\startup_stm32f072xb.o cmsis\device\src\system_stm32f0xx.o -mthumb -mcpu=cortex-m0 -TD:\cours\mea4\freeRTOS_paletizer_control\paletizer_controler\factory_io_demo-master\Debug_STM32F072RB_FLASH.ld -specs=nosys.specs -static -Wl,-cref,-u,Reset_Handler -Wl,-Map=factory_io_demo-master.map -Wl,--defsym=malloc_getpagesize_P=0x80 -Wl,--start-group -lc -lm -Wl,--end-group -specs=nano.specs 
D:\TrueSTUDIO for STM32 9.3.0\ide\jre\bin\java -jar D:\TrueSTUDIO for STM32 9.3.0\Tools\arm-atollic-reports.jar sizeinfo list factory_io_demo-master.elf 
Generate build reports...
Print size information
   text	   data	    bss	    dec	    hex	filename
  46404	     72	  14808	  61284	   ef64	factory_io_demo-master.elf
Print size information done
Generate listing file
Output sent to: factory_io_demo-master.list
Generate listing file done
Generate build reports done
